stm32f4xx_hal_flash.c:156:19:HAL_FLASH_Program	32	static
stm32f4xx_hal_flash.c:206:19:HAL_FLASH_Program_IT	32	static
stm32f4xx_hal_flash.c:246:6:HAL_FLASH_IRQHandler	16	static
stm32f4xx_hal_flash.c:354:13:HAL_FLASH_EndOfOperationCallback	16	static
stm32f4xx_hal_flash.c:370:13:HAL_FLASH_OperationErrorCallback	16	static
stm32f4xx_hal_flash.c:401:19:HAL_FLASH_Unlock	16	static
stm32f4xx_hal_flash.c:422:19:HAL_FLASH_Lock	4	static
stm32f4xx_hal_flash.c:433:19:HAL_FLASH_OB_Unlock	4	static
stm32f4xx_hal_flash.c:449:19:HAL_FLASH_OB_Lock	4	static
stm32f4xx_hal_flash.c:460:19:HAL_FLASH_OB_Launch	8	static
stm32f4xx_hal_flash.c:496:10:HAL_FLASH_GetError	4	static
stm32f4xx_hal_flash.c:509:19:FLASH_WaitForLastOperation	24	static
stm32f4xx_hal_flash.c:565:13:FLASH_Program_DoubleWord	24	static,ignoring_inline_asm
stm32f4xx_hal_flash.c:597:13:FLASH_Program_Word	16	static
stm32f4xx_hal_flash.c:621:13:FLASH_Program_HalfWord	16	static
stm32f4xx_hal_flash.c:645:13:FLASH_Program_Byte	16	static
stm32f4xx_hal_flash.c:661:13:FLASH_SetErrorCode	4	static
