stm32f4xx_hal_uart.c:356:19:HAL_UART_Init	16	static
stm32f4xx_hal_uart.c:428:19:HAL_HalfDuplex_Init	16	static
stm32f4xx_hal_uart.c:498:19:HAL_LIN_Init	16	static
stm32f4xx_hal_uart.c:578:19:HAL_MultiProcessor_Init	24	static
stm32f4xx_hal_uart.c:654:19:HAL_UART_DeInit	16	static
stm32f4xx_hal_uart.c:697:13:HAL_UART_MspInit	16	static
stm32f4xx_hal_uart.c:711:13:HAL_UART_MspDeInit	16	static
stm32f4xx_hal_uart.c:1120:19:HAL_UART_Transmit	48	static
stm32f4xx_hal_uart.c:1198:19:HAL_UART_Receive	48	static
stm32f4xx_hal_uart.c:1280:19:HAL_UART_Transmit_IT	24	static
stm32f4xx_hal_uart.c:1321:19:HAL_UART_Receive_IT	24	static
stm32f4xx_hal_uart.c:1352:19:HAL_UART_Transmit_DMA	32	static
stm32f4xx_hal_uart.c:1417:19:HAL_UART_Receive_DMA	24	static
stm32f4xx_hal_uart.c:1443:19:HAL_UART_DMAPause	24	static
stm32f4xx_hal_uart.c:1477:19:HAL_UART_DMAResume	24	static
stm32f4xx_hal_uart.c:1510:19:HAL_UART_DMAStop	24	static
stm32f4xx_hal_uart.c:1560:19:HAL_UARTEx_ReceiveToIdle	40	static
stm32f4xx_hal_uart.c:1674:19:HAL_UARTEx_ReceiveToIdle_IT	32	static
stm32f4xx_hal_uart.c:1727:19:HAL_UARTEx_ReceiveToIdle_DMA	32	static
stm32f4xx_hal_uart.c:1776:19:HAL_UART_Abort	16	static
stm32f4xx_hal_uart.c:1856:19:HAL_UART_AbortTransmit	16	static
stm32f4xx_hal_uart.c:1902:19:HAL_UART_AbortReceive	16	static
stm32f4xx_hal_uart.c:1957:19:HAL_UART_Abort_IT	24	static
stm32f4xx_hal_uart.c:2072:19:HAL_UART_AbortTransmit_IT	16	static
stm32f4xx_hal_uart.c:2141:19:HAL_UART_AbortReceive_IT	16	static
stm32f4xx_hal_uart.c:2210:6:HAL_UART_IRQHandler	48	static
stm32f4xx_hal_uart.c:2428:13:HAL_UART_TxCpltCallback	16	static
stm32f4xx_hal_uart.c:2442:13:HAL_UART_TxHalfCpltCallback	16	static
stm32f4xx_hal_uart.c:2456:13:HAL_UART_RxCpltCallback	16	static
stm32f4xx_hal_uart.c:2470:13:HAL_UART_RxHalfCpltCallback	16	static
stm32f4xx_hal_uart.c:2484:13:HAL_UART_ErrorCallback	16	static
stm32f4xx_hal_uart.c:2497:13:HAL_UART_AbortCpltCallback	16	static
stm32f4xx_hal_uart.c:2511:13:HAL_UART_AbortTransmitCpltCallback	16	static
stm32f4xx_hal_uart.c:2525:13:HAL_UART_AbortReceiveCpltCallback	16	static
stm32f4xx_hal_uart.c:2541:13:HAL_UARTEx_RxEventCallback	16	static
stm32f4xx_hal_uart.c:2580:19:HAL_LIN_SendBreak	16	static
stm32f4xx_hal_uart.c:2606:19:HAL_MultiProcessor_EnterMuteMode	16	static
stm32f4xx_hal_uart.c:2632:19:HAL_MultiProcessor_ExitMuteMode	16	static
stm32f4xx_hal_uart.c:2658:19:HAL_HalfDuplex_EnableTransmitter	24	static
stm32f4xx_hal_uart.c:2692:19:HAL_HalfDuplex_EnableReceiver	24	static
stm32f4xx_hal_uart.c:2748:23:HAL_UART_GetState	24	static
stm32f4xx_hal_uart.c:2762:10:HAL_UART_GetError	16	static
stm32f4xx_hal_uart.c:2806:13:UART_DMATransmitCplt	24	static
stm32f4xx_hal_uart.c:2839:13:UART_DMATxHalfCplt	24	static
stm32f4xx_hal_uart.c:2858:13:UART_DMAReceiveCplt	24	static
stm32f4xx_hal_uart.c:2910:13:UART_DMARxHalfCplt	24	static
stm32f4xx_hal_uart.c:2942:13:UART_DMAError	24	static
stm32f4xx_hal_uart.c:2981:26:UART_WaitOnFlagUntilTimeout	24	static
stm32f4xx_hal_uart.c:3017:19:UART_Start_Receive_IT	24	static
stm32f4xx_hal_uart.c:3052:19:UART_Start_Receive_DMA	32	static
stm32f4xx_hal_uart.c:3103:13:UART_EndTxTransfer	16	static
stm32f4xx_hal_uart.c:3116:13:UART_EndRxTransfer	16	static
stm32f4xx_hal_uart.c:3138:13:UART_DMAAbortOnError	24	static
stm32f4xx_hal_uart.c:3162:13:UART_DMATxAbortCallback	24	static
stm32f4xx_hal_uart.c:3206:13:UART_DMARxAbortCallback	24	static
stm32f4xx_hal_uart.c:3250:13:UART_DMATxOnlyAbortCallback	24	static
stm32f4xx_hal_uart.c:3278:13:UART_DMARxOnlyAbortCallback	24	static
stm32f4xx_hal_uart.c:3304:26:UART_Transmit_IT	24	static
stm32f4xx_hal_uart.c:3338:26:UART_EndTransmit_IT	16	static
stm32f4xx_hal_uart.c:3362:26:UART_Receive_IT	24	static
stm32f4xx_hal_uart.c:3441:13:UART_SetConfig	160	static
