stm32f4xx_hal_can.c:274:19:HAL_CAN_Init	24	static
stm32f4xx_hal_can.c:433:19:HAL_CAN_DeInit	16	static
stm32f4xx_hal_can.c:478:13:HAL_CAN_MspInit	16	static
stm32f4xx_hal_can.c:493:13:HAL_CAN_MspDeInit	16	static
stm32f4xx_hal_can.c:808:19:HAL_CAN_ConfigFilter	32	static
stm32f4xx_hal_can.c:1001:19:HAL_CAN_Start	24	static
stm32f4xx_hal_can.c:1047:19:HAL_CAN_Stop	24	static
stm32f4xx_hal_can.c:1096:19:HAL_CAN_RequestSleep	24	static
stm32f4xx_hal_can.c:1122:19:HAL_CAN_WakeUp	32	static
stm32f4xx_hal_can.c:1163:10:HAL_CAN_IsSleepActive	24	static
stm32f4xx_hal_can.c:1190:19:HAL_CAN_AddTxMessage	40	static
stm32f4xx_hal_can.c:1278:19:HAL_CAN_AbortTxRequest	24	static
stm32f4xx_hal_can.c:1320:10:HAL_CAN_GetTxMailboxesFreeLevel	24	static
stm32f4xx_hal_can.c:1357:10:HAL_CAN_IsTxMessagePending	24	static
stm32f4xx_hal_can.c:1387:10:HAL_CAN_GetTxTimestamp	40	static,ignoring_inline_asm
stm32f4xx_hal_can.c:1419:19:HAL_CAN_GetRxMessage	32	static
stm32f4xx_hal_can.c:1525:10:HAL_CAN_GetRxFifoFillLevel	24	static
stm32f4xx_hal_can.c:1573:19:HAL_CAN_ActivateNotification	24	static
stm32f4xx_hal_can.c:1602:19:HAL_CAN_DeactivateNotification	24	static
stm32f4xx_hal_can.c:1629:6:HAL_CAN_IRQHandler	48	static
stm32f4xx_hal_can.c:1987:13:HAL_CAN_TxMailbox0CompleteCallback	16	static
stm32f4xx_hal_can.c:2003:13:HAL_CAN_TxMailbox1CompleteCallback	16	static
stm32f4xx_hal_can.c:2019:13:HAL_CAN_TxMailbox2CompleteCallback	16	static
stm32f4xx_hal_can.c:2035:13:HAL_CAN_TxMailbox0AbortCallback	16	static
stm32f4xx_hal_can.c:2051:13:HAL_CAN_TxMailbox1AbortCallback	16	static
stm32f4xx_hal_can.c:2067:13:HAL_CAN_TxMailbox2AbortCallback	16	static
stm32f4xx_hal_can.c:2083:13:HAL_CAN_RxFifo0MsgPendingCallback	16	static
stm32f4xx_hal_can.c:2099:13:HAL_CAN_RxFifo0FullCallback	16	static
stm32f4xx_hal_can.c:2115:13:HAL_CAN_RxFifo1MsgPendingCallback	16	static
stm32f4xx_hal_can.c:2131:13:HAL_CAN_RxFifo1FullCallback	16	static
stm32f4xx_hal_can.c:2147:13:HAL_CAN_SleepCallback	16	static
stm32f4xx_hal_can.c:2162:13:HAL_CAN_WakeUpFromRxMsgCallback	16	static
stm32f4xx_hal_can.c:2178:13:HAL_CAN_ErrorCallback	16	static
stm32f4xx_hal_can.c:2214:22:HAL_CAN_GetState	24	static
stm32f4xx_hal_can.c:2242:10:HAL_CAN_GetError	16	static
stm32f4xx_hal_can.c:2253:19:HAL_CAN_ResetError	24	static
