main.c:105:5:main	16	static
main.c:227:6:SystemClock_Config	88	static
main.c:269:13:MX_CAN1_Init	8	static
main.c:304:13:MX_SPI1_Init	8	static
main.c:340:13:MX_TIM1_Init	16	static
main.c:378:13:MX_TIM2_Init	32	static
main.c:420:13:MX_TIM3_Init	32	static
main.c:462:13:MX_TIM8_Init	80	static
main.c:528:13:MX_USART2_UART_Init	8	static
main.c:559:13:MX_GPIO_Init	48	static
main.c:597:10:amt222_readPos	40	static
main.c:649:6:HAL_CAN_RxFifo0MsgPendingCallback	16	static
main.c:665:6:TxHeader_Config	4	static
main.c:673:6:CanRxFilterConfig	8	static
main.c:691:6:Steer_control	16	static
main.c:734:6:Error_Handler	8	static
