main.c:113:5:main	8	static
main.c:222:6:SystemClock_Config	88	static
main.c:267:13:MX_CAN1_Init	8	static
main.c:304:13:MX_SPI1_Init	8	static
main.c:342:13:MX_TIM1_Init	16	static
main.c:382:13:MX_TIM2_Init	32	static
main.c:427:13:MX_TIM3_Init	32	static
main.c:472:13:MX_TIM8_Init	80	static
main.c:541:13:MX_USART2_UART_Init	8	static
main.c:574:13:MX_GPIO_Init	48	static
main.c:613:10:amt222_readPos	40	static
main.c:671:6:HAL_CAN_RxFifo0MsgPendingCallback	16	static
main.c:692:6:TxHeader_Config	4	static
main.c:703:6:CanRxFilterConfig	8	static
main.c:723:6:steer_control	24	static
main.c:772:6:Error_Handler	8	static
